// Jest Snapshot v1, https://goo.gl/fbAQLP

exports[`Components/Tabs/Tabs Default smoke-test 1`] = `
{
  "data": [
    137,
    80,
    78,
    71,
    13,
    10,
    26,
    10,
    0,
    0,
    0,
    13,
    73,
    72,
    68,
    82,
    0,
    0,
    5,
    0,
    0,
    0,
    2,
    208,
    8,
    2,
    0,
    0,
    0,
    64,
    31,
    74,
    1,
    0,
    0,
    16,
    0,
    73,
    68,
    65,
    84,
    120,
    156,
    236,
    221,
    105,
    140,
    93,
    229,
    125,
    199,
    241,
    203,
    204,
    96,
    188,
    96,
    236,
    153,
    177,
    199,
    99,
    143,
    49,
    24,
    140,
    93,
    98,
    176,
    41,
    5,
    27,
    204,
    14,
    97,
    81,
    129,
    0,
    110,
    41,
    91,
    74,
    41,
    97,
    11,
    36,
    208,
    170,
    73,
    133,
    148,
    84,
    141,
    74,
    148,
    244,
    5,
    106,
    66,
    128,
    138,
    165,
    41,
    5,
    34,
    138,
    10,
    9,
    208,
    86,
    108,
    97,
    55,
    198,
    8,
    194,
    102,
    59,
    102,
    49,
    12,
    94,
    52,
    198,
    99,
    60,
    94,
    198,
    251,
    222,
    103,
    124,
    29,
    203,
    77,
    34,
    218,
    170,
    48,
    220,
    246,
    247,
    249,
    104,
    116,
    244,
    220,
    115,
    206,
    140,
    239,
    157,
    55,
    214,
    119,
    254,
    231,
    220,
    219,
    176,
    102,
    205,
    154,
    10,
    0,
    0,
    0,
    252,
    127,
    215,
    80,
    1,
    0,
    0,
    128,
    0,
    2,
    24,
    0,
    0,
    128,
    8,
    2,
    24,
    0,
    0,
    128,
    8,
    2,
    24,
    0,
    0,
    128,
    8,
    2,
    24,
    0,
    0,
    128,
    8,
    2,
    24,
    0,
    0,
    128,
    8,
    2,
    24,
    0,
    0,
    128,
    8,
    2,
    24,
    0,
    0,
    128,
    8,
    2,
    24,
    0,
    0,
    128,
    8,
    2,
    24,
    0,
    0,
    128,
    8,
    2,
    24,
    0,
    0,
    128,
    8,
    2,
    24,
    0,
    0,
    128,
    8,
    2,
    24,
    0,
    0,
    128,
    8,
    2,
    24,
    0,
    0,
    128,
    8,
    2,
    24,
    0,
    0,
    128,
    8,
    2,
    24,
    0,
    0,
    128,
    8,
    2,
    24,
    0,
    0,
    128,
    8,
    2,
    24,
    0,
    0,
    128,
    8,
    2,
    24,
    0,
    0,
    128,
    8,
    2,
    24,
    0,
    0,
    128,
    8,
    2,
    24,
    0,
    0,
    128,
    8,
    2,
    24,
    0,
    0,
    128,
    8,
    2,
    24,
    0,
    0,
    128,
    8,
    2,
    24,
    0,
    0,
    128,
    8,
    2,
    24,
    0,
    0,
    128,
    8,
    2,
    24,
    0,
    0,
    128,
    8,
    2,
    24,
    0,
    0,
    128,
    8,
    2,
    24,
    0,
    0,
    128,
    8,
    2,
    24,
    0,
    0,
    128,
    8,
    2,
    24,
    0,
    0,
    128,
    8,
    2,
    24,
    0,
    0,
    128,
    8,
    2,
    24,
    0,
    0,
    128,
    8,
    2,
    24,
    0,
    0,
    128,
    8,
    2,
    24,
    0,
    0,
    128,
    8,
    2,
    24,
    0,
    0,
    128,
    8,
    2,
    24,
    0,
    0,
    128,
    8,
    2,
    24,
    0,
    0,
    128,
    8,
    2,
    24,
    0,
    0,
    128,
    8,
    2,
    24,
    0,
    0,
    128,
    8,
    2,
    24,
    0,
    0,
    128,
    8,
    2,
    24,
    0,
    0,
    128,
    8,
    2,
    24,
    0,
    0,
    128,
    8,
    2,
    24,
    0,
    0,
    128,
    8,
    2,
    24,
    0,
    0,
    128,
    8,
    2,
    24,
    0,
    0,
    128,
    8,
    2,
    24,
    0,
    0,
    128,
    8,
    2,
    24,
    0,
    0,
    128,
    8,
    2,
    24,
    0,
    0,
    128,
    8,
    2,
    24,
    0,
    0,
    128,
    8,
    2,
    24,
    0,
    0,
    128,
    8,
    2,
    24,
    0,
    0,
    128,
    8,
    2,
    24,
    0,
    0,
    128,
    8,
    2,
    24,
    0,
    0,
    128,
    8,
    2,
    24,
    0,
    0,
    128,
    8,
    2,
    24,
    0,
    0,
    128,
    8,
    2,
    24,
    0,
    0,
    128,
    8,
    2,
    24,
    0,
    0,
    128,
    8,
    2,
    24,
    0,
    0,
    128,
    8,
    2,
    24,
    0,
    0,
    128,
    8,
    2,
    24,
    0,
    0,
    128,
    8,
    2,
    24,
    0,
    0,
    128,
    8,
    2,
    24,
    0,
    0,
    128,
    8,
    2,
    24,
    0,
    0,
    128,
    8,
    2,
    24,
    0,
    0,
    128,
    8,
    2,
    24,
    0,
    0,
    128,
    8,
    2,
    24,
    0,
    0,
    128,
    8,
    2,
    24,
    0,
    0,
    128,
    8,
    2,
    24,
    0,
    0,
    128,
    8,
    2,
    24,
    0,
    0,
    128,
    8,
    2,
    24,
    0,
    0,
    128,
    8,
    2,
    24,
    0,
    0,
    128,
    8,
    2,
    24,
    0,
    0,
    128,
    8,
    2,
    24,
    0,
    0,
    128,
    8,
    2,
    24,
    0,
    0,
    128,
    8,
    2,
    24,
    0,
    0,
    128,
    8,
    2,
    24,
    0,
    0,
    128,
    8,
    2,
    24,
    0,
    0,
    128,
    8,
    2,
    24,
    0,
    0,
    128,
    8,
    2,
    24,
    0,
    0,
    128,
    8,
    2,
    24,
    0,
    0,
    128,
    8,
    2,
    24,
    0,
    0,
    128,
    8,
    2,
    24,
    0,
    0,
    128,
    8,
    2,
    24,
    0,
    0,
    128,
    8,
    2,
    24,
    0,
    0,
    128,
    8,
    2,
    24,
    0,
    0,
    128,
    8,
    2,
    24,
    0,
    0,
    128,
    8,
    2,
    24,
    0,
    0,
    128,
    8,
    2,
    24,
    0,
    0,
    128,
    8,
    2,
    24,
    0,
    0,
    128,
    8,
    2,
    24,
    0,
    0,
    128,
    8,
    2,
    24,
    0,
    0,
    128,
    8,
    2,
    24,
    0,
    0,
    128,
    8,
    2,
    24,
    0,
    0,
    128,
    8,
    2,
    24,
    0,
    0,
    128,
    8,
    2,
    24,
    0,
    0,
    128,
    8,
    2,
    24,
    0,
    0,
    128,
    8,
    2,
    24,
    0,
    0,
    128,
    8,
    2,
    24,
    0,
    0,
    128,
    8,
    2,
    24,
    0,
    0,
    128,
    8,
    2,
    24,
    0,
    0,
    128,
    8,
    2,
    24,
    0,
    0,
    128,
    8,
    2,
    24,
    0,
    0,
    128,
    8,
    2,
    24,
    0,
    0,
    128,
    8,
    2,
    24,
    0,
    0,
    128,
    8,
    2,
    24,
    0,
    0,
    128,
    8,
    2,
    24,
    0,
    0,
    128,
    8,
    2,
    24,
    0,
    0,
    128,
    8,
    2,
    24,
    0,
    0,
    128,
    8,
    2,
    24,
    0,
    0,
    128,
    8,
    2,
    24,
    0,
    0,
    128,
    8,
    2,
    24,
    0,
    0,
    128,
    8,
    2,
    24,
    0,
    0,
    128,
    8,
    2,
    24,
    0,
    0,
    128,
    8,
    2,
    24,
    0,
    0,
    128,
    8,
    2,
    24,
    0,
    0,
    128,
    8,
    2,
    24,
    0,
    0,
    128,
    8,
    2,
    24,
    0,
    0,
    128,
    8,
    2,
    24,
    0,
    0,
    128,
    8,
    2,
    24,
    0,
    0,
    128,
    8,
    2,
    24,
    0,
    0,
    128,
    8,
    2,
    24,
    0,
    0,
    128,
    8,
    2,
    24,
    0,
    0,
    128,
    8,
    2,
    24,
    0,
    0,
    128,
    8,
    2,
    24,
    0,
    0,
    128,
    8,
    2,
    24,
    0,
    0,
    128,
    8,
    2,
    24,
    0,
    0,
    128,
    8,
    2,
    24,
    0,
    0,
    128,
    8,
    2,
    24,
    0,
    0,
    128,
    8,
    2,
    24,
    0,
    0,
    128,
    8,
    2,
    24,
    0,
    0,
    128,
    8,
    2,
    24,
    0,
    0,
    128,
    8,
    2,
    24,
    0,
    0,
    128,
    8,
    2,
    24,
    0,
    0,
    128,
    8,
    2,
    24,
    0,
    0,
    128,
    8,
    2,
    24,
    0,
    0,
    128,
    8,
    2,
    24,
    0,
    0,
    128,
    8,
    2,
    24,
    0,
    0,
    128,
    8,
    2,
    24,
    0,
    0,
    128,
    8,
    2,
    24,
    0,
    0,
    128,
    8,
    2,
    24,
    0,
    0,
    128,
    8,
    2,
    24,
    0,
    0,
    128,
    8,
    2,
    24,
    0,
    0,
    128,
    8,
    2,
    24,
    0,
    0,
    128,
    8,
    2,
    24,
    0,
    0,
    128,
    8,
    2,
    24,
    0,
    0,
    128,
    8,
    2,
    24,
    0,
    0,
    128,
    8,
    2,
    24,
    0,
    0,
    128,
    8,
    2,
    24,
    0,
    0,
    128,
    8,
    2,
    24,
    0,
    0,
    128,
    8,
    2,
    24,
    0,
    0,
    128,
    8,
    2,
    24,
    0,
    0,
    128,
    8,
    2,
    24,
    0,
    0,
    128,
    8,
    2,
    24,
    0,
    0,
    128,
    8,
    2,
    24,
    0,
    0,
    128,
    8,
    2,
    24,
    0,
    0,
    128,
    8,
    2,
    24,
    0,
    0,
    128,
    8,
    2,
    24,
    0,
    0,
    128,
    8,
    2,
    24,
    0,
    0,
    128,
    8,
    2,
    24,
    0,
    0,
    128,
    8,
    2,
    24,
    0,
    0,
    128,
    8,
    2,
    24,
    0,
    0,
    128,
    8,
    2,
    24,
    0,
    0,
    128,
    8,
    2,
    24,
    0,
    0,
    128,
    8,
    2,
    24,
    0,
    0,
    128,
    8,
    2,
    24,
    0,
    0,
    128,
    8,
    2,
    24,
    0,
    0,
    128,
    8,
    2,
    24,
    0,
    0,
    128,
    8,
    2,
    24,
    0,
    0,
    128,
    8,
    2,
    24,
    0,
    0,
    128,
    8,
    2,
    24,
    0,
    0,
    128,
    8,
    2,
    24,
    0,
    0,
    128,
    8,
    2,
    24,
    0,
    0,
    128,
    8,
    2,
    24,
    0,
    0,
    128,
    8,
    2,
    24,
    0,
    0,
    128,
    8,
    2,
    24,
    0,
    0,
    128,
    8,
    2,
    24,
    0,
    0,
    128,
    8,
    2,
    24,
    0,
    0,
    128,
    8,
    2,
    24,
    0,
    0,
    128,
    8,
    2,
    24,
    0,
    0,
    128,
    8,
    2,
    24,
    0,
    0,
    128,
    8,
    2,
    24,
    0,
    0,
    128,
    8,
    2,
    24,
    0,
    0,
    128,
    8,
    2,
    24,
    0,
    0,
    128,
    8,
    2,
    24,
    0,
    0,
    128,
    8,
    2,
    24,
    0,
    0,
    128,
    8,
    2,
    24,
    0,
    0,
    128,
    8,
    2,
    24,
    0,
    0,
    128,
    8,
    2,
    24,
    0,
    0,
    128,
    8,
    2,
    24,
    0,
    0,
    128,
    8,
    2,
    24,
    0,
    0,
    128,
    8,
    2,
    24,
    0,
    0,
    128,
    8,
    2,
    24,
    0,
    0,
    128,
    8,
    2,
    24,
    0,
    0,
    128,
    8,
    2,
    24,
    0,
    0,
    128,
    8,
    2,
    24,
    0,
    0,
    128,
    8,
    2,
    24,
    0,
    0,
    128,
    8,
    2,
    24,
    0,
    0,
    128,
    8,
    2,
    24,
    0,
    0,
    128,
    8,
    2,
    24,
    0,
    0,
    128,
    8,
    2,
    24,
    0,
    0,
    128,
    8,
    2,
    24,
    0,
    0,
    128,
    8,
    2,
    24,
    0,
    0,
    128,
    8,
    2,
    24,
    0,
    0,
    128,
    8,
    2,
    24,
    0,
    0,
    128,
    8,
    2,
    24,
    0,
    0,
    128,
    8,
    2,
    24,
    0,
    0,
    128,
    8,
    2,
    24,
    0,
    0,
    128,
    8,
    2,
    24,
    0,
    0,
    128,
    8,
    2,
    24,
    0,
    0,
    128,
    8,
    2,
    24,
    0,
    0,
    128,
    8,
    2,
    24,
    0,
    0,
    128,
    8,
    2,
    24,
    0,
    0,
    128,
    8,
    2,
    24,
    0,
    0,
    128,
    8,
    2,
    24,
    0,
    0,
    128,
    8,
    2,
    24,
    0,
    0,
    128,
    8,
    2,
    24,
    0,
    0,
    128,
    8,
    2,
    24,
    0,
    0,
    128,
    8,
    2,
    24,
    0,
    0,
    128,
    8,
    2,
    24,
    0,
    0,
    128,
    8,
    2,
    24,
    0,
    0,
    128,
    8,
    2,
    24,
    0,
    0,
    128,
    8,
    2,
    24,
    0,
    0,
    128,
    8,
    2,
    24,
    0,
    0,
    128,
    8,
    2,
    24,
    0,
    0,
    128,
    8,
    2,
    24,
    0,
    0,
    128,
    8,
    2,
    24,
    0,
    0,
    128,
    8,
    2,
    24,
    0,
    0,
    128,
    8,
    2,
    24,
    0,
    0,
    128,
    8,
    2,
    24,
    0,
    0,
    128,
    8,
    2,
    24,
    0,
    0,
    128,
    8,
    2,
    24,
    0,
    0,
    128,
    8,
    2,
    24,
    0,
    0,
    128,
    8,
    2,
    24,
    0,
    0,
    128,
    8,
    2,
    24,
    0,
    0,
    128,
    8,
    2,
    24,
    0,
    0,
    128,
    8,
    2,
    24,
    0,
    0,
    128,
    8,
    2,
    24,
    0,
    0,
    128,
    8,
    2,
    24,
    0,
    0,
    128,
    8,
    2,
    24,
    0,
    0,
    128,
    8,
    2,
    24,
    0,
    0,
    128,
    8,
    2,
    24,
    0,
    0,
    128,
    8,
    2,
    24,
    0,
    0,
    128,
    8,
    2,
    24,
    0,
    0,
    128,
    8,
    2,
    24,
    0,
    0,
    128,
    8,
    2,
    24,
    0,
    0,
    128,
    8,
    2,
    24,
    0,
    0,
    128,
    8,
    2,
    24,
    0,
    0,
    128,
    8,
    2,
    24,
    0,
    0,
    128,
    8,
    2,
    24,
    0,
    0,
    128,
    8,
    2,
    24,
    0,
    0,
    128,
    8,
    2,
    24,
    0,
    0,
    128,
    8,
    2,
    24,
    0,
    0,
    128,
    8,
    2,
    24,
    0,
    0,
    128,
    8,
    2,
    24,
    0,
    0,
    128,
    8,
    2,
    24,
    0,
    0,
    128,
    8,
    2,
    24,
    0,
    0,
    128,
    8,
    2,
    24,
    0,
    0,
    128,
    8,
    2,
    24,
    0,
    0,
    128,
    8,
    2,
    24,
    0,
    0,
    128,
    8,
    2,
    24,
    0,
    0,
    128,
    8,
    2,
    24,
    0,
    0,
    128,
    8,
    2,
    24,
    0,
    0,
    128,
    8,
    2,
    24,
    0,
    0,
    128,
    8,
    2,
    24,
    0,
    0,
    128,
    8,
    2,
    24,
    0,
    0,
    128,
    8,
    2,
    24,
    0,
    0,
    128,
    8,
    2,
    24,
    0,
    0,
    128,
    8,
    2,
    24,
    0,
    0,
    128,
    8,
    2,
    24,
    0,
    0,
    128,
    8,
    2,
    24,
    0,
    0,
    128,
    8,
    2,
    24,
    0,
    0,
    128,
    8,
    2,
    24,
    0,
    0,
    128,
    8,
    2,
    24,
    0,
    0,
    128,
    8,
    2,
    24,
    0,
    0,
    128,
    8,
    2,
    24,
    0,
    0,
    128,
    8,
    2,
    24,
    0,
    0,
    128,
    8,
    2,
    24,
    0,
    0,
    128,
    8,
    2,
    24,
    0,
    0,
    128,
    8,
    2,
    24,
    0,
    0,
    128,
    8,
    2,
    24,
    0,
    0,
    128,
    8,
    2,
    24,
    0,
    0,
    128,
    8,
    2,
    24,
    0,
    0,
    128,
    8,
    2,
    24,
    0,
    0,
    128,
    8,
    2,
    24,
    0,
    0,
    128,
    8,
    2,
    24,
    0,
    0,
    128,
    8,
    2,
    24,
    0,
    0,
    128,
    8,
    2,
    24,
    0,
    0,
    128,
    8,
    2,
    24,
    0,
    0,
    128,
    8,
    2,
    24,
    0,
    0,
    128,
    8,
    2,
    24,
    0,
    0,
    128,
    8,
    2,
    24,
    0,
    0,
    128,
    8,
    2,
    24,
    0,
    0,
    128,
    8,
    2,
    24,
    0,
    0,
    128,
    8,
    2,
    24,
    0,
    0,
    128,
    8,
    2,
    24,
    0,
    0,
    128,
    8,
    2,
    24,
    0,
    0,
    128,
    8,
    2,
    24,
    0,
    0,
    128,
    8,
    2,
    24,
    0,
    0,
    128,
    8,
    2,
    24,
    0,
    0,
    128,
    8,
    2,
    24,
    0,
    0,
    128,
    8,
    2,
    24,
    0,
    0,
    128,
    8,
    2,
    24,
    0,
    0,
    128,
    8,
    2,
    24,
    0,
    0,
    128,
    8,
    2,
    24,
    0,
    0,
    128,
    8,
    2,
    24,
    0,
    0,
    128,
    8,
    2,
    24,
    0,
    0,
    128,
    8,
    2,
    24,
    0,
    0,
    128,
    8,
    2,
    24,
    0,
    0,
    128,
    8,
    2,
    24,
    0,
    0,
    128,
    8,
    2,
    24,
    0,
    0,
    128,
    8,
    2,
    24,
    0,
    0,
    128,
    8,
    2,
    24,
    0,
    0,
    128,
    8,
    2,
    24,
    0,
    0,
    128,
    8,
    2,
    24,
    0,
    0,
    128,
    8,
    2,
    24,
    0,
    0,
    128,
    8,
    2,
    24,
    0,
    0,
    128,
    8,
    2,
    24,
    0,
    0,
    128,
    8,
    2,
    24,
    0,
    0,
    128,
    8,
    2,
    24,
    0,
    0,
    128,
    8,
    2,
    24,
    0,
    0,
    128,
    8,
    2,
    24,
    0,
    0,
    128,
    8,
    2,
    24,
    0,
    0,
    128,
    8,
    2,
    24,
    0,
    0,
    128,
    8,
    2,
    24,
    0,
    0,
    128,
    8,
    2,
    24,
    0,
    0,
    128,
    8,
    2,
    24,
    0,
    0,
    128,
    8,
    2,
    24,
    0,
    0,
    128,
    8,
    2,
    24,
    0,
    0,
    128,
    8,
    2,
    24,
    0,
    0,
    128,
    8,
    2,
    24,
    0,
    0,
    128,
    8,
    2,
    24,
    0,
    0,
    128,
    8,
    2,
    24,
    0,
    0,
    128,
    8,
    2,
    24,
    0,
    0,
    128,
    8,
    2,
    24,
    0,
    0,
    128,
    8,
    2,
    24,
    0,
    0,
    128,
    8,
    2,
    24,
    0,
    0,
    128,
    8,
    2,
    24,
    0,
    0,
    128,
    8,
    2,
    24,
    0,
    0,
    128,
    8,
    2,
    24,
    0,
    0,
    128,
    8,
    2,
    24,
    0,
    0,
    128,
    8,
    2,
    24,
    0,
    0,
    128,
    8,
    2,
    24,
    0,
    0,
    128,
    8,
    2,
    24,
    0,
    0,
    128,
    8,
    2,
    24,
    0,
    0,
    128,
    8,
    2,
    24,
    0,
    0,
    128,
    8,
    2,
    24,
    0,
    0,
    128,
    8,
    2,
    24,
    0,
    0,
    128,
    8,
    2,
    24,
    0,
    0,
    128,
    8,
    2,
    24,
    0,
    0,
    128,
    8,
    2,
    24,
    0,
    0,
    128,
    8,
    2,
    24,
    128,
    218,
    213,
    185,
    164,
    107,
    211,
    166,
    205,
    35,
    219,
    134,
    85,
    248,
    52,
    116,
    116,
    44,
    234,
    234,
    234,
    218,
    107,
    175,
    129,
    251,
    238,
    187,
    111,
    5,
    0,
    242,
    8,
    96,
    0,
    106,
    209,
    236,
    183,
    231,
    94,
    252,
    213,
    111,
    189,
    251,
    254,
    188,
    178,
    30,
    213,
    214,
    250,
    227,
    155,
    255,
    102,
    202,
    164,
    67,
    42,
    53,
    224,
    185,
    231,
    159,
    159,
    54,
    237,
    197,
    223,
    122,
    232,
    207,
    174,
    187,
    118,
    224,
    192,
    129,
    149,
    207,
    213,
    221,
    247,
    220,
    187,
    96,
    193,
    130,
    223,
    220,
    223,
    212,
    212,
    116,
    205,
    213,
    95,
    157,
    53,
    123,
    246,
    171,
    175,
    190,
    58,
    110,
    220,
    88,
    1,
    12,
    64,
    166,
    186,
    10,
    0,
    212,
    152,
    133,
    29,
    139,
    79,
    253,
    131,
    171,
    74,
    253,
    214,
    237,
    182,
    219,
    238,
    13,
    13,
    11,
    58,
    22,
    159,
    121,
    193,
    215,
    102,
    254,
    242,
    189,
    10,
    0,
    192,
    255,
    130,
    9,
    48,
    0,
    53,
    231,
    246,
    127,
    122,
    96,
    69,
    247,
    170,
    182,
    225,
    45,
    207,
    62,
    242,
    227,
    126,
    253,
    250,
    158,
    250,
    135,
    87,
    206,
    121,
    183,
    253,
    230,
    59,
    238,
    187,
    243,
    166,
    239,
    84,
    62,
    111,
    135,
    31,
    118,
    216,
    248,
    47,
    124,
    161,
    44,
    222,
    127,
    255,
    131,
    167,
    158,
    126,
    186,
    79,
    159,
    62,
    151,
    254,
    233,
    37,
    213,
    67,
    3,
    6,
    12,
    168,
    124,
    222,
    206,
    250,
    210,
    153,
    155,
    54,
    109,
    42,
    139,
    231,
    95,
    120,
    225,
    237,
    183,
    223,
    25,
    189,
    239,
    190,
    167,
    158,
    122,
    74,
    121,
    88,
    95,
    95,
    95,
    1,
    128,
    120,
    2,
    24,
    128,
    154,
    115,
    255,
    207,
    30,
    43,
    219,
    203,
    254,
    120,
    106,
    219,
    136,
    158,
    187,
    127,
    175,
    189,
    226,
    162,
    171,
    254,
    226,
    134,
    159,
    254,
    219,
    207,
    255,
    254,
    198,
    111,
    191,
    242,
    250,
    172,
    239,
    222,
    120,
    71,
    105,
    227,
    243,
    206,
    57,
    237,
    123,
    63,
    184,
    243,
    157,
    185,
    31,
    30,
    58,
    225,
    192,
    191,
    251,
    238,
    55,
    199,
    29,
    48,
    186,
    250,
    189,
    91,
    183,
    110,
    189,
    233,
    182,
    159,
    220,
    255,
    179,
    199,
    23,
    46,
    90,
    60,
    113,
    252,
    184,
    175,
    93,
    126,
    193,
    233,
    167,
    28,
    91,
    249,
    244,
    12,
    216,
    174,
    44,
    22,
    119,
    118,
    150,
    109,
    93,
    93,
    221,
    208,
    161,
    67,
    171,
    135,
    186,
    186,
    186,
    30,
    125,
    244,
    177,
    214,
    214,
    214,
    147,
    79,
    254,
    226,
    206,
    243,
    87,
    173,
    90,
    245,
    240,
    195,
    143,
    52,
    53,
    53,
    157,
    126,
    250,
    239,
    151,
    135,
    171,
    87,
    175,
    254,
    249,
    83,
    79,
    207,
    159,
    63,
    191,
    60,
    207,
    182,
    182,
    182,
    147,
    191,
    120,
    82,
    57,
    84,
    249,
    244,
    12,
    30,
    60,
    184,
    186,
    232,
    219,
    183,
    111,
    217,
    246,
    217,
    163,
    207,
    206,
    167,
    183,
    171,
    25,
    51,
    94,
    126,
    227,
    205,
    55,
    214,
    173,
    91,
    127,
    192,
    152,
    49,
    167,
    156,
    114,
    114,
    57,
    185,
    60,
    177,
    135,
    30,
    122,
    184,
    122,
    116,
    208,
    160,
    65,
    83,
    166,
    76,
    121,
    113,
    250,
    244,
    174,
    165,
    75,
    71,
    143,
    30,
    125,
    226,
    137,
    39,
    148,
    157,
    219,
    182,
    109,
    155,
    241,
    242,
    203,
    179,
    102,
    205,
    94,
    185,
    114,
    229,
    240,
    214,
    214,
    201,
    147,
    39,
    141,
    29,
    59,
    118,
    231,
    15,
    92,
    191,
    126,
    253,
    211,
    207,
    60,
    211,
    222,
    254,
    97,
    201,
    239,
    242,
    186,
    78,
    58,
    241,
    132,
    33,
    67,
    134,
    84,
    0,
    160,
    198,
    8,
    96,
    0,
    106,
    203,
    134,
    13,
    27,
    23,
    119,
    46,
    45,
    139,
    195,
    14,
    25,
    95,
    221,
    243,
    123,
    19,
    123,
    38,
    174,
    27,
    54,
    110,
    250,
    168,
    243,
    227,
    165,
    93,
    203,
    95,
    152,
    241,
    90,
    191,
    190,
    123,
    60,
    240,
    200,
    147,
    155,
    183,
    108,
    41,
    251,
    159,
    155,
    254,
    139,
    169,
    23,
    255,
    249,
    235,
    207,
    253,
    203,
    30,
    123,
    244,
    41,
    15,
    47,
    191,
    238,
    59,
    247,
    63,
    244,
    120,
    89,
    212,
    215,
    213,
    149,
    51,
    167,
    205,
    120,
    237,
    246,
    31,
    252,
    245,
    69,
    231,
    158,
    94,
    249,
    236,
    245,
    239,
    223,
    127,
    222,
    252,
    249,
    221,
    221,
    221,
    37,
    128,
    183,
    108,
    127,
    110,
    37,
    143,
    151,
    118,
    117,
    149,
    157,
    229,
    80,
    121,
    184,
    102,
    205,
    154,
    59,
    238,
    252,
    135,
    178,
    173,
    158,
    255,
    222,
    123,
    239,
    205,
    155,
    55,
    239,
    178,
    175,
    92,
    218,
    220,
    220,
    92,
    233,
    69,
    101,
    118,
    253,
    238,
    187,
    59,
    174,
    39,
    127,
    107,
    230,
    204,
    242,
    84,
    207,
    57,
    231,
    236,
    178,
    45,
    207,
    179,
    186,
    115,
    240,
    160,
    65,
    29,
    139,
    58,
    150,
    46,
    237,
    42,
    235,
    213,
    107,
    214,
    84,
    3,
    248,
    145,
    71,
    254,
    117,
    214,
    236,
    217,
    101,
    177,
    219,
    110,
    187,
    149,
    51,
    203,
    87,
    153,
    54,
    79,
    152,
    48,
    161,
    236,
    41,
    209,
    251,
    143,
    119,
    221,
    213,
    213,
    181,
    172,
    122,
    180,
    188,
    174,
    82,
    248,
    151,
    252,
    201,
    197,
    45,
    45,
    45,
    21,
    0,
    168,
    37,
    238,
    1,
    6,
    160,
    182,
    148,
    202,
    221,
    182,
    125,
    209,
    212,
    56,
    168,
    186,
    167,
    185,
    105,
    199,
    84,
    179,
    99,
    209,
    146,
    234,
    98,
    221,
    250,
    13,
    167,
    157,
    116,
    212,
    244,
    199,
    238,
    185,
    254,
    186,
    175,
    148,
    135,
    243,
    22,
    46,
    122,
    241,
    229,
    215,
    203,
    226,
    133,
    151,
    126,
    81,
    234,
    183,
    161,
    190,
    254,
    161,
    123,
    126,
    184,
    104,
    206,
    51,
    87,
    95,
    122,
    94,
    249,
    81,
    55,
    220,
    120,
    219,
    230,
    205,
    155,
    43,
    159,
    189,
    126,
    253,
    250,
    13,
    24,
    208,
    127,
    197,
    202,
    149,
    101,
    88,
    122,
    211,
    143,
    110,
    254,
    222,
    247,
    255,
    118,
    218,
    139,
    47,
    174,
    88,
    177,
    162,
    231,
    37,
    108,
    79,
    220,
    105,
    211,
    94,
    44,
    245,
    91,
    6,
    200,
    83,
    207,
    57,
    251,
    130,
    243,
    207,
    107,
    108,
    108,
    220,
    184,
    113,
    227,
    51,
    207,
    60,
    91,
    233,
    93,
    165,
    117,
    143,
    58,
    106,
    202,
    229,
    151,
    95,
    86,
    29,
    225,
    254,
    114,
    206,
    156,
    242,
    251,
    25,
    56,
    112,
    224,
    53,
    215,
    92,
    125,
    202,
    201,
    39,
    151,
    61,
    229,
    37,
    148,
    250,
    29,
    55,
    110,
    236,
    17,
    71,
    76,
    222,
    103,
    159,
    81,
    101,
    79,
    9,
    245,
    82,
    191,
    165,
    231,
    47,
    56,
    255,
    252,
    191,
    252,
    230,
    55,
    38,
    77,
    58,
    188,
    236,
    124,
    246,
    185,
    231,
    203,
    28,
    187,
    178,
    125,
    158,
    92,
    234,
    183,
    188,
    156,
    171,
    174,
    188,
    226,
    186,
    107,
    191,
    62,
    106,
    212,
    222,
    27,
    54,
    108,
    152,
    62,
    253,
    165,
    10,
    0,
    212,
    24,
    19,
    96,
    0,
    106,
    203,
    214,
    173,
    213,
    254,
    237,
    153,
    37,
    254,
    250,
    161,
    109,
    91,
    119,
    28,
    170,
    84,
    110,
    188,
    225,
    27,
    123,
    183,
    181,
    30,
    116,
    224,
    152,
    59,
    238,
    126,
    96,
    217,
    138,
    238,
    15,
    231,
    119,
    148,
    253,
    79,
    60,
    211,
    19,
    93,
    19,
    198,
    143,
    93,
    183,
    126,
    253,
    211,
    47,
    188,
    60,
    102,
    191,
    158,
    120,
    91,
    216,
    209,
    57,
    107,
    206,
    220,
    223,
    157,
    112,
    96,
    229,
    179,
    87,
    66,
    119,
    193,
    130,
    133,
    157,
    157,
    157,
    213,
    49,
    239,
    199,
    31,
    47,
    173,
    182,
    119,
    243,
    144,
    158,
    0,
    110,
    255,
    176,
    189,
    108,
    39,
    78,
    156,
    48,
    126,
    124,
    207,
    112,
    123,
    210,
    178,
    229,
    79,
    60,
    249,
    100,
    251,
    135,
    31,
    86,
    122,
    87,
    41,
    213,
    19,
    79,
    232,
    25,
    234,
    30,
    119,
    236,
    49,
    101,
    90,
    91,
    114,
    189,
    84,
    250,
    144,
    33,
    67,
    154,
    26,
    27,
    7,
    236,
    185,
    227,
    54,
    230,
    163,
    166,
    76,
    169,
    14,
    126,
    171,
    202,
    208,
    184,
    108,
    135,
    13,
    27,
    182,
    105,
    243,
    166,
    15,
    218,
    219,
    171,
    151,
    109,
    151,
    89,
    119,
    121,
    165,
    195,
    135,
    15,
    159,
    59,
    119,
    110,
    121,
    56,
    106,
    239,
    189,
    203,
    184,
    187,
    44,
    134,
    14,
    29,
    90,
    126,
    9,
    239,
    109,
    223,
    9,
    0,
    53,
    69,
    0,
    3,
    80,
    91,
    70,
    180,
    238,
    184,
    103,
    117,
    217,
    242,
    149,
    213,
    197,
    242,
    21,
    221,
    213,
    69,
    219,
    240,
    150,
    165,
    93,
    203,
    203,
    98,
    208,
    94,
    3,
    75,
    253,
    150,
    69,
    67,
    67,
    195,
    176,
    150,
    230,
    18,
    192,
    213,
    203,
    161,
    223,
    111,
    239,
    249,
    4,
    160,
    215,
    103,
    190,
    125,
    225,
    21,
    215,
    239,
    250,
    51,
    87,
    173,
    94,
    83,
    233,
    21,
    205,
    77,
    61,
    1,
    60,
    119,
    238,
    251,
    101,
    189,
    231,
    158,
    123,
    126,
    252,
    241,
    146,
    186,
    237,
    25,
    63,
    164,
    185,
    185,
    116,
    230,
    242,
    229,
    61,
    211,
    224,
    18,
    138,
    213,
    147,
    247,
    30,
    213,
    179,
    40,
    67,
    224,
    213,
    171,
    87,
    151,
    147,
    43,
    189,
    165,
    165,
    101,
    199,
    111,
    120,
    231,
    135,
    54,
    85,
    7,
    185,
    187,
    154,
    56,
    113,
    226,
    174,
    15,
    187,
    150,
    245,
    92,
    222,
    252,
    209,
    71,
    31,
    61,
    248,
    224,
    79,
    119,
    221,
    95,
    38,
    189,
    59,
    143,
    190,
    53,
    115,
    102,
    249,
    218,
    121,
    168,
    188,
    174,
    242,
    146,
    127,
    243,
    175,
    24,
    0,
    240,
    57,
    18,
    192,
    0,
    212,
    150,
    190,
    125,
    247,
    104,
    25,
    210,
    180,
    100,
    233,
    178,
    55,
    102,
    190,
    115,
    194,
    49,
    147,
    42,
    61,
    65,
    59,
    167,
    108,
    119,
    111,
    104,
    24,
    209,
    218,
    242,
    214,
    236,
    119,
    63,
    225,
    123,
    75,
    12,
    151,
    237,
    41,
    39,
    28,
    249,
    245,
    203,
    47,
    220,
    117,
    255,
    248,
    223,
    25,
    83,
    233,
    21,
    77,
    205,
    61,
    163,
    209,
    234,
    240,
    243,
    160,
    131,
    198,
    191,
    242,
    202,
    171,
    245,
    117,
    61,
    111,
    191,
    92,
    38,
    195,
    37,
    5,
    251,
    247,
    239,
    95,
    90,
    183,
    171,
    107,
    217,
    1,
    7,
    244,
    156,
    220,
    181,
    125,
    94,
    90,
    87,
    87,
    87,
    189,
    67,
    184,
    118,
    12,
    24,
    208,
    191,
    185,
    249,
    63,
    189,
    53,
    215,
    158,
    219,
    39,
    195,
    251,
    239,
    191,
    255,
    17,
    147,
    39,
    237,
    186,
    191,
    122,
    151,
    111,
    169,
    247,
    82,
    194,
    83,
    166,
    28,
    57,
    218,
    199,
    11,
    3,
    80,
    219,
    220,
    3,
    12,
    64,
    205,
    57,
    127,
    234,
    105,
    101,
    123,
    231,
    61,
    15,
    118,
    46,
    233,
    234,
    238,
    94,
    125,
    243,
    29,
    247,
    149,
    135,
    231,
    156,
    113,
    82,
    159,
    62,
    187,
    127,
    242,
    55,
    30,
    186,
    253,
    58,
    231,
    215,
    222,
    156,
    115,
    216,
    33,
    227,
    79,
    60,
    118,
    242,
    224,
    65,
    3,
    111,
    188,
    229,
    238,
    242,
    181,
    121,
    243,
    150,
    74,
    175,
    24,
    186,
    253,
    173,
    143,
    23,
    45,
    90,
    52,
    120,
    208,
    160,
    145,
    35,
    71,
    150,
    201,
    234,
    226,
    206,
    206,
    50,
    104,
    237,
    211,
    167,
    231,
    13,
    186,
    90,
    91,
    123,
    166,
    214,
    115,
    222,
    126,
    123,
    205,
    154,
    181,
    165,
    24,
    103,
    205,
    234,
    121,
    79,
    169,
    210,
    144,
    165,
    129,
    43,
    181,
    229,
    215,
    199,
    182,
    35,
    134,
    143,
    168,
    244,
    76,
    128,
    23,
    181,
    181,
    181,
    237,
    183,
    223,
    126,
    125,
    251,
    245,
    155,
    254,
    210,
    140,
    242,
    85,
    29,
    29,
    143,
    24,
    62,
    188,
    108,
    23,
    47,
    238,
    28,
    61,
    122,
    116,
    57,
    186,
    114,
    101,
    119,
    57,
    244,
    230,
    91,
    51,
    141,
    127,
    1,
    168,
    53,
    38,
    192,
    0,
    212,
    156,
    43,
    47,
    57,
    247,
    174,
    251,
    30,
    94,
    208,
    177,
    120,
    236,
    225,
    103,
    212,
    215,
    215,
    109,
    216,
    184,
    105,
    143,
    62,
    187,
    95,
    123,
    197,
    133,
    255,
    229,
    55,
    94,
    116,
    238,
    25,
    63,
    188,
    237,
    39,
    115,
    219,
    23,
    140,
    155,
    124,
    230,
    209,
    147,
    15,
    125,
    233,
    149,
    55,
    87,
    116,
    175,
    58,
    254,
    168,
    195,
    170,
    147,
    225,
    94,
    208,
    212,
    180,
    227,
    31,
    106,
    25,
    214,
    210,
    50,
    116,
    199,
    123,
    32,
    15,
    253,
    213,
    7,
    2,
    29,
    127,
    220,
    177,
    31,
    124,
    240,
    65,
    71,
    71,
    199,
    45,
    183,
    222,
    218,
    208,
    80,
    191,
    118,
    237,
    186,
    178,
    243,
    132,
    125,
    211,
    104,
    175,
    0,
    0,
    9,
    207,
    73,
    68,
    65,
    84,
    227,
    143,
    171,
    212,
    128,
    133,
    11,
    23,
    62,
    250,
    216,
    227,
    235,
    215,
    175,
    47,
    235,
    181,
    107,
    215,
    222,
    126,
    199,
    157,
    101,
    113,
    240,
    193,
    7,
    77,
    57,
    242,
    200,
    178,
    152,
    48,
    225,
    224,
    25,
    47,
    207,
    40,
    179,
    235,
    155,
    126,
    116,
    243,
    168,
    81,
    163,
    202,
    201,
    229,
    204,
    50,
    239,
    173,
    94,
    185,
    125,
    204,
    49,
    199,
    148,
    170,
    111,
    111,
    111,
    191,
    229,
    150,
    91,
    155,
    154,
    155,
    231,
    205,
    155,
    87,
    194,
    248,
    248,
    227,
    106,
    226,
    117,
    1,
    192,
    174,
    76,
    128,
    1,
    168,
    57,
    251,
    142,
    106,
    123,
    226,
    193,
    219,
    247,
    219,
    103,
    228,
    230,
    45,
    91,
    74,
    253,
    142,
    104,
    29,
    250,
    208,
    189,
    55,
    253,
    119,
    222,
    197,
    106,
    247,
    221,
    27,
    254,
    253,
    159,
    111,
    45,
    197,
    219,
    189,
    106,
    205,
    163,
    79,
    77,
    43,
    245,
    123,
    230,
    169,
    199,
    221,
    123,
    219,
    247,
    43,
    189,
    165,
    177,
    113,
    112,
    117,
    156,
    59,
    172,
    101,
    88,
    83,
    83,
    99,
    67,
    67,
    207,
    31,
    154,
    155,
    126,
    245,
    41,
    71,
    195,
    135,
    15,
    63,
    255,
    188,
    63,
    42,
    209,
    184,
    113,
    227,
    198,
    82,
    191,
    253,
    250,
    246,
    61,
    251,
    172,
    47,
    141,
    25,
    211,
    75,
    151,
    103,
    127,
    178,
    141,
    155,
    54,
    45,
    89,
    178,
    164,
    187,
    187,
    231,
    118,
    235,
    109,
    219,
    182,
    45,
    217,
    110,
    231,
    39,
    54,
    213,
    215,
    215,
    127,
    249,
    162,
    139,
    74,
    241,
    150,
    193,
    245,
    220,
    185,
    115,
    75,
    253,
    142,
    27,
    55,
    118,
    234,
    212,
    169,
    213,
    163,
    205,
    205,
    77,
    95,
    190,
    232,
    194,
    198,
    193,
    131,
    87,
    172,
    92,
    89,
    50,
    184,
    252,
    6,
    74,
    54,
    31,
    125,
    244,
    81,
    21,
    0,
    168,
    49,
    187,
    237,
    252,
    191,
    13,
    0,
    106,
    77,
    199,
    162,
    206,
    18,
    102,
    163,
    247,
    25,
    89,
    249,
    31,
    90,
    190,
    162,
    123,
    254,
    194,
    69,
    123,
    183,
    181,
    238,
    252,
    8,
    165,
    154,
    178,
    124,
    249,
    242,
    50,
    35,
    109,
    106,
    106,
    250,
    63,
    119,
    145,
    240,
    186,
    117,
    235,
    74,
    229,
    14,
    218,
    107,
    175,
    223,
    122,
    223,
    114,
    233,
    231,
    114,
    66,
    99,
    99,
    99,
    245,
    146,
    111,
    0,
    168,
    53,
    2,
    24,
    0,
    0,
    128,
    8,
    238,
    1,
    6,
    0,
    0,
    32,
    130,
    0,
    6,
    0,
    0,
    32,
    130,
    0,
    6,
    0,
    0,
    32,
    130,
    0,
    6,
    0,
    0,
    32,
    130,
    0,
    6,
    0,
    0,
    32,
    130,
    0,
    6,
    0,
    0,
    32,
    130,
    0,
    6,
    160,
    247,
    12,
    24,
    57,
    169,
    82,
    195,
    174,
    191,
    234,
    172,
    10,
    189,
    238,
    175,
    190,
    253,
    173,
    10,
    0,
    244,
    10,
    159,
    3,
    12,
    0,
    0,
    64,
    4,
    19,
    96,
    0,
    0,
    0,
    34,
    8,
    96,
    0,
    0,
    0,
    34,
    8,
    96,
    0,
    0,
    0,
    34,
    8,
    96,
    0,
    0,
    0,
    34,
    8,
    96,
    0,
    0,
    0,
    34,
    8,
    96,
    0,
    0,
    0,
    34,
    8,
    96,
    0,
    0,
    0,
    34,
    8,
    96,
    0,
    0,
    0,
    34,
    8,
    96,
    0,
    0,
    0,
    34,
    8,
    96,
    0,
    0,
    0,
    34,
    8,
    96,
    0,
    0,
    0,
    34,
    8,
    96,
    0,
    0,
    0,
    34,
    8,
    96,
    0,
    0,
    0,
    34,
    8,
    96,
    0,
    0,
    0,
    34,
    8,
    96,
    0,
    0,
    0,
    34,
    8,
    96,
    0,
    0,
    0,
    34,
    8,
    96,
    0,
    0,
    0,
    34,
    8,
    96,
    0,
    0,
    0,
    34,
    8,
    96,
    0,
    0,
    0,
    34,
    8,
    96,
    0,
    0,
    0,
    34,
    8,
    96,
    0,
    0,
    0,
    34,
    8,
    96,
    0,
    0,
    0,
    34,
    8,
    96,
    0,
    0,
    0,
    34,
    8,
    96,
    0,
    0,
    0,
    34,
    8,
    96,
    0,
    0,
    0,
    34,
    8,
    96,
    0,
    0,
    0,
    34,
    8,
    96,
    0,
    0,
    0,
    34,
    8,
    96,
    0,
    0,
    0,
    34,
    8,
    96,
    0,
    0,
    0,
    34,
    8,
    96,
    0,
    0,
    0,
    34,
    8,
    96,
    0,
    0,
    0,
    34,
    8,
    96,
    0,
    0,
    0,
    34,
    8,
    96,
    0,
    0,
    0,
    34,
    8,
    96,
    0,
    0,
    0,
    34,
    8,
    96,
    0,
    0,
    0,
    34,
    8,
    96,
    0,
    0,
    0,
    34,
    8,
    96,
    0,
    0,
    0,
    34,
    8,
    96,
    0,
    0,
    0,
    34,
    8,
    96,
    0,
    0,
    0,
    34,
    8,
    96,
    0,
    0,
    0,
    34,
    8,
    96,
    0,
    0,
    0,
    34,
    8,
    96,
    0,
    0,
    0,
    34,
    8,
    96,
    0,
    0,
    0,
    34,
    8,
    96,
    0,
    0,
    0,
    34,
    8,
    96,
    0,
    0,
    0,
    34,
    8,
    96,
    0,
    0,
    0,
    34,
    8,
    96,
    0,
    0,
    0,
    34,
    8,
    96,
    0,
    0,
    0,
    34,
    8,
    96,
    0,
    0,
    0,
    34,
    8,
    96,
    0,
    0,
    0,
    34,
    8,
    96,
    0,
    0,
    0,
    34,
    8,
    96,
    0,
    0,
    0,
    34,
    8,
    96,
    0,
    0,
    0,
    34,
    8,
    96,
    0,
    0,
    0,
    34,
    8,
    96,
    0,
    0,
    0,
    34,
    8,
    96,
    0,
    0,
    0,
    34,
    8,
    96,
    0,
    0,
    0,
    34,
    8,
    96,
    0,
    0,
    0,
    34,
    8,
    96,
    0,
    0,
    0,
    34,
    8,
    96,
    0,
    0,
    0,
    34,
    8,
    96,
    0,
    0,
    0,
    34,
    8,
    96,
    0,
    0,
    0,
    34,
    8,
    96,
    0,
    0,
    0,
    34,
    8,
    96,
    0,
    0,
    0,
    34,
    8,
    96,
    0,
    0,
    0,
    34,
    8,
    96,
    0,
    0,
    0,
    34,
    8,
    96,
    0,
    0,
    0,
    34,
    8,
    96,
    0,
    0,
    0,
    34,
    8,
    96,
    0,
    0,
    0,
    34,
    8,
    96,
    0,
    0,
    0,
    34,
    8,
    96,
    0,
    0,
    0,
    34,
    8,
    96,
    0,
    0,
    0,
    34,
    8,
    96,
    0,
    0,
    0,
    34,
    8,
    96,
    0,
    0,
    0,
    34,
    8,
    96,
    0,
    0,
    0,
    34,
    8,
    96,
    0,
    0,
    0,
    34,
    8,
    96,
    0,
    0,
    0,
    34,
    8,
    96,
    0,
    0,
    0,
    34,
    8,
    96,
    0,
    0,
    0,
    34,
    8,
    96,
    0,
    0,
    0,
    34,
    8,
    96,
    0,
    0,
    0,
    34,
    8,
    96,
    0,
    0,
    0,
    34,
    8,
    96,
    0,
    0,
    0,
    34,
    8,
    96,
    0,
    0,
    0,
    34,
    8,
    96,
    0,
    0,
    0,
    34,
    8,
    96,
    0,
    0,
    0,
    34,
    8,
    96,
    0,
    0,
    0,
    34,
    8,
    96,
    0,
    0,
    0,
    34,
    8,
    96,
    0,
    0,
    0,
    34,
    8,
    96,
    0,
    0,
    0,
    34,
    8,
    96,
    0,
    0,
    0,
    34,
    8,
    96,
    0,
    0,
    0,
    34,
    8,
    96,
    0,
    0,
    0,
    34,
    8,
    96,
    0,
    0,
    0,
    34,
    8,
    96,
    0,
    0,
    0,
    34,
    8,
    96,
    0,
    0,
    0,
    34,
    8,
    96,
    0,
    0,
    0,
    34,
    8,
    96,
    0,
    0,
    0,
    34,
    8,
    96,
    0,
    0,
    0,
    34,
    8,
    96,
    0,
    0,
    0,
    34,
    8,
    96,
    0,
    0,
    0,
    34,
    8,
    96,
    0,
    0,
    0,
    34,
    8,
    96,
    0,
    0,
    0,
    34,
    8,
    96,
    0,
    0,
    0,
    34,
    8,
    96,
    0,
    0,
    0,
    34,
    8,
    96,
    0,
    0,
    0,
    34,
    8,
    96,
    0,
    0,
    0,
    34,
    8,
    96,
    0,
    0,
    0,
    34,
    8,
    96,
    0,
    0,
    0,
    34,
    8,
    96,
    0,
    0,
    0,
    34,
    8,
    96,
    0,
    0,
    0,
    34,
    8,
    96,
    0,
    0,
    0,
    34,
    8,
    96,
    0,
    0,
    0,
    34,
    8,
    96,
    0,
    0,
    0,
    34,
    8,
    96,
    0,
    0,
    0,
    34,
    8,
    96,
    0,
    0,
    0,
    34,
    8,
    96,
    0,
    0,
    0,
    34,
    8,
    96,
    0,
    0,
    0,
    34,
    8,
    96,
    0,
    0,
    0,
    34,
    8,
    96,
    0,
    0,
    0,
    34,
    8,
    96,
    0,
    0,
    0,
    34,
    8,
    96,
    0,
    0,
    0,
    34,
    8,
    96,
    0,
    0,
    0,
    34,
    8,
    96,
    0,
    0,
    0,
    34,
    8,
    96,
    0,
    0,
    0,
    34,
    8,
    96,
    0,
    0,
    0,
    34,
    8,
    96,
    0,
    0,
    0,
    34,
    8,
    96,
    0,
    0,
    0,
    34,
    8,
    96,
    0,
    0,
    0,
    34,
    8,
    96,
    128,
    10,
    0,
    0,
    9,
    4,
    48,
    0,
    0,
    0,
    17,
    4,
    48,
    0,
    0,
    0,
    17,
    4,
    48,
    0,
    0,
    0,
    17,
    4,
    48,
    0,
    0,
    0,
    17,
    4,
    48,
    0,
    0,
    0,
    17,
    4,
    48,
    0,
    0,
    0,
    17,
    4,
    48,
    0,
    0,
    0,
    17,
    4,
    48,
    0,
    0,
    0,
    17,
    4,
    48,
    0,
    0,
    0,
    17,
    4,
    48,
    0,
    0,
    0,
    17,
    4,
    48,
    0,
    0,
    0,
    17,
    4,
    48,
    0,
    0,
    0,
    17,
    4,
    48,
    0,
    0,
    0,
    17,
    4,
    48,
    0,
    0,
    0,
    17,
    4,
    48,
    0,
    0,
    0,
    17,
    4,
    48,
    0,
    0,
    0,
    17,
    4,
    48,
    0,
    0,
    0,
    17,
    4,
    48,
    0,
    0,
    0,
    17,
    4,
    48,
    0,
    0,
    0,
    17,
    4,
    48,
    0,
    0,
    0,
    17,
    4,
    48,
    0,
    0,
    0,
    17,
    4,
    48,
    0,
    0,
    0,
    17,
    4,
    48,
    0,
    0,
    0,
    17,
    4,
    48,
    0,
    0,
    0,
    17,
    4,
    48,
    0,
    0,
    0,
    17,
    4,
    48,
    0,
    0,
    0,
    17,
    4,
    48,
    0,
    0,
    0,
    17,
    4,
    48,
    0,
    0,
    0,
    17,
    4,
    48,
    0,
    0,
    0,
    17,
    4,
    48,
    0,
    0,
    0,
    17,
    4,
    48,
    0,
    0,
    0,
    17,
    4,
    48,
    0,
    0,
    0,
    17,
    4,
    48,
    0,
    0,
    0,
    17,
    4,
    48,
    0,
    0,
    0,
    17,
    4,
    48,
    0,
    0,
    0,
    17,
    4,
    48,
    0,
    0,
    0,
    17,
    4,
    48,
    0,
    0,
    0,
    17,
    4,
    48,
    0,
    0,
    0,
    17,
    4,
    48,
    0,
    0,
    0,
    17,
    4,
    48,
    0,
    0,
    0,
    17,
    4,
    48,
    0,
    0,
    0,
    17,
    4,
    48,
    0,
    0,
    0,
    17,
    4,
    48,
    0,
    0,
    0,
    17,
    4,
    48,
    0,
    0,
    0,
    17,
    4,
    48,
    0,
    0,
    0,
    17,
    4,
    48,
    0,
    0,
    0,
    17,
    4,
    48,
    0,
    0,
    0,
    17,
    4,
    48,
    0,
    0,
    0,
    17,
    4,
    48,
    0,
    0,
    0,
    17,
    4,
    48,
    0,
    0,
    0,
    17,
    4,
    48,
    0,
    0,
    0,
    17,
    4,
    48,
    0,
    0,
    0,
    17,
    4,
    48,
    0,
    0,
    0,
    17,
    4,
    48,
    0,
    0,
    0,
    17,
    4,
    48,
    0,
    0,
    0,
    17,
    4,
    48,
    0,
    0,
    0,
    17,
    4,
    48,
    0,
    0,
    0,
    17,
    4,
    48,
    0,
    0,
    0,
    17,
    4,
    48,
    0,
    0,
    0,
    17,
    4,
    48,
    0,
    0,
    0,
    17,
    4,
    48,
    0,
    0,
    0,
    17,
    4,
    48,
    0,
    0,
    0,
    17,
    4,
    48,
    0,
    0,
    0,
    17,
    4,
    48,
    0,
    0,
    0,
    17,
    4,
    48,
    0,
    0,
    0,
    17,
    4,
    48,
    0,
    0,
    0,
    17,
    4,
    48,
    0,
    0,
    0,
    17,
    4,
    48,
    0,
    0,
    0,
    17,
    4,
    48,
    0,
    0,
    0,
    17,
    4,
    48,
    0,
    0,
    0,
    17,
    4,
    48,
    0,
    0,
    0,
    17,
    4,
    48,
    0,
    0,
    0,
    17,
    4,
    48,
    0,
    0,
    0,
    17,
    4,
    48,
    0,
    0,
    0,
    17,
    4,
    48,
    0,
    0,
    0,
    17,
    4,
    48,
    0,
    0,
    0,
    17,
    4,
    48,
    0,
    0,
    0,
    17,
    4,
    48,
    0,
    0,
    0,
    17,
    4,
    48,
    0,
    0,
    0,
    17,
    4,
    48,
    0,
    0,
    0,
    17,
    4,
    48,
    0,
    0,
    0,
    17,
    4,
    48,
    0,
    0,
    0,
    17,
    4,
    48,
    0,
    0,
    0,
    17,
    4,
    48,
    0,
    0,
    0,
    17,
    4,
    48,
    0,
    0,
    0,
    17,
    4,
    48,
    0,
    0,
    0,
    17,
    4,
    48,
    0,
    0,
    0,
    17,
    4,
    48,
    0,
    0,
    0,
    17,
    4,
    48,
    0,
    0,
    0,
    17,
    4,
    48,
    0,
    0,
    0,
    17,
    4,
    48,
    0,
    0,
    0,
    17,
    4,
    48,
    0,
    0,
    0,
    17,
    4,
    48,
    0,
    0,
    0,
    17,
    4,
    48,
    0,
    0,
    0,
    17,
    4,
    48,
    0,
    0,
    0,
    17,
    4,
    48,
    0,
    0,
    0,
    17,
    4,
    48,
    0,
    0,
    0,
    17,
    4,
    48,
    0,
    0,
    0,
    17,
    4,
    48,
    0,
    0,
    0,
    17,
    4,
    48,
    0,
    0,
    0,
    17,
    4,
    48,
    0,
    0,
    0,
    17,
    4,
    48,
    0,
    0,
    0,
    17,
    4,
    48,
    0,
    0,
    0,
    17,
    4,
    48,
    0,
    0,
    0,
    17,
    4,
    48,
    0,
    0,
    0,
    17,
    4,
    48,
    0,
    0,
    0,
    17,
    4,
    48,
    0,
    0,
    0,
    17,
    4,
    48,
    0,
    0,
    0,
    17,
    4,
    48,
    0,
    0,
    0,
    17,
    4,
    48,
    0,
    0,
    0,
    17,
    4,
    48,
    0,
    0,
    0,
    17,
    4,
    48,
    0,
    0,
    0,
    17,
    4,
    48,
    0,
    0,
    0,
    17,
    4,
    48,
    0,
    0,
    0,
    17,
    4,
    48,
    0,
    0,
    0,
    17,
    4,
    48,
    0,
    0,
    0,
    17,
    4,
    48,
    0,
    0,
    0,
    17,
    4,
    48,
    0,
    0,
    0,
    17,
    4,
    48,
    0,
    0,
    0,
    17,
    4,
    48,
    0,
    0,
    0,
    17,
    4,
    48,
    0,
    0,
    0,
    17,
    4,
    48,
    0,
    0,
    0,
    17,
    4,
    48,
    0,
    0,
    0,
    17,
    4,
    48,
    0,
    0,
    0,
    17,
    4,
    48,
    0,
    0,
    0,
    17,
    4,
    48,
    0,
    0,
    0,
    17,
    4,
    48,
    0,
    0,
    0,
    17,
    4,
    48,
    0,
    0,
    0,
    17,
    4,
    48,
    0,
    0,
    0,
    17,
    4,
    48,
    0,
    0,
    0,
    17,
    4,
    48,
    0,
    0,
    0,
    17,
    4,
    48,
    0,
    0,
    0,
    17,
    4,
    48,
    0,
    0,
    0,
    17,
    4,
    48,
    0,
    0,
    0,
    17,
    4,
    48,
    0,
    0,
    0,
    17,
    4,
    48,
    0,
    0,
    0,
    17,
    4,
    48,
    0,
    0,
    0,
    17,
    4,
    48,
    0,
    0,
    0,
    17,
    4,
    48,
    0,
    0,
    0,
    17,
    4,
    48,
    0,
    0,
    0,
    17,
    4,
    48,
    0,
    0,
    0,
    17,
    4,
    48,
    0,
    0,
    0,
    17,
    4,
    48,
    0,
    0,
    0,
    17,
    4,
    48,
    0,
    0,
    0,
    17,
    4,
    48,
    0,
    0,
    0,
    17,
    4,
    48,
    0,
    0,
    0,
    17,
    4,
    48,
    0,
    0,
    0,
    17,
    4,
    48,
    0,
    0,
    0,
    17,
    4,
    48,
    0,
    0,
    0,
    17,
    4,
    48,
    0,
    0,
    0,
    17,
    4,
    48,
    0,
    0,
    0,
    17,
    4,
    48,
    0,
    0,
    0,
    17,
    4,
    48,
    0,
    0,
    0,
    17,
    4,
    48,
    0,
    0,
    0,
    17,
    4,
    48,
    0,
    0,
    0,
    17,
    4,
    48,
    0,
    0,
    0,
    17,
    4,
    48,
    0,
    0,
    0,
    17,
    4,
    48,
    0,
    0,
    0,
    17,
    4,
    48,
    0,
    0,
    0,
    17,
    4,
    48,
    0,
    0,
    0,
    17,
    4,
    48,
    0,
    0,
    0,
    17,
    4,
    48,
    0,
    0,
    0,
    17,
    4,
    48,
    0,
    0,
    0,
    17,
    4,
    48,
    0,
    0,
    0,
    17,
    4,
    48,
    0,
    0,
    0,
    17,
    4,
    48,
    0,
    0,
    0,
    17,
    4,
    48,
    0,
    0,
    0,
    17,
    4,
    48,
    0,
    0,
    0,
    17,
    4,
    48,
    0,
    0,
    0,
    17,
    4,
    48,
    0,
    0,
    0,
    17,
    4,
    48,
    0,
    0,
    0,
    17,
    4,
    48,
    0,
    0,
    0,
    17,
    4,
    48,
    0,
    0,
    0,
    17,
    4,
    48,
    0,
    0,
    0,
    17,
    4,
    48,
    0,
    0,
    0,
    17,
    4,
    48,
    0,
    0,
    0,
    17,
    4,
    48,
    0,
    0,
    0,
    17,
    4,
    48,
    0,
    0,
    0,
    17,
    4,
    48,
    0,
    0,
    0,
    17,
    4,
    48,
    0,
    0,
    0,
    17,
    4,
    48,
    0,
    0,
    0,
    17,
    4,
    48,
    0,
    0,
    0,
    17,
    4,
    48,
    0,
    0,
    0,
    17,
    4,
    48,
    0,
    0,
    0,
    17,
    4,
    48,
    0,
    0,
    0,
    17,
    4,
    48,
    0,
    0,
    0,
    17,
    4,
    48,
    0,
    0,
    0,
    17,
    4,
    48,
    0,
    0,
    0,
    17,
    4,
    48,
    0,
    0,
    0,
    17,
    4,
    48,
    0,
    0,
    0,
    17,
    4,
    48,
    0,
    0,
    0,
    17,
    4,
    48,
    0,
    0,
    0,
    17,
    4,
    48,
    0,
    0,
    0,
    17,
    4,
    48,
    0,
    0,
    0,
    17,
    4,
    48,
    0,
    0,
    0,
    17,
    4,
    48,
    0,
    0,
    0,
    17,
    4,
    48,
    0,
    0,
    0,
    17,
    4,
    48,
    0,
    0,
    0,
    17,
    4,
    48,
    0,
    0,
    0,
    17,
    4,
    48,
    0,
    0,
    0,
    17,
    4,
    48,
    0,
    0,
    0,
    17,
    4,
    48,
    0,
    0,
    0,
    17,
    4,
    48,
    0,
    0,
    0,
    17,
    4,
    48,
    0,
    0,
    0,
    17,
    4,
    48,
    0,
    0,
    0,
    17,
    4,
    48,
    0,
    0,
    0,
    17,
    4,
    48,
    0,
    0,
    0,
    17,
    4,
    48,
    0,
    0,
    0,
    17,
    4,
    48,
    0,
    0,
    0,
    17,
    4,
    48,
    0,
    0,
    0,
    17,
    4,
    48,
    0,
    0,
    0,
    17,
    4,
    48,
    0,
    0,
    0,
    17,
    4,
    48,
    0,
    0,
    0,
    17,
    4,
    48,
    0,
    0,
    0,
    17,
    4,
    48,
    0,
    0,
    0,
    17,
    4,
    48,
    0,
    0,
    0,
    17,
    254,
    3,
    0,
    0,
    255,
    255,
    164,
    108,
    85,
    145,
    0,
    0,
    0,
    6,
    73,
    68,
    65,
    84,
    3,
    0,
    187,
    109,
    123,
    32,
    203,
    187,
    122,
    115,
    0,
    0,
    0,
    0,
    73,
    69,
    78,
    68,
    174,
    66,
    96,
    130,
  ],
  "type": "Buffer",
}
`;
